// Jest Snapshot v1, https://goo.gl/fbAQLP

exports[`renders homepage unchanged 1`] = `
<div>
  <div
    class="w-full h-screen"
  >
    <div>
      <div
        class="Home h-screen flex flex-col dark:bg-gray-950"
        id="Home"
      >
        <div
          class="h-16 flex justify-between items-center px-4 md:px-12 cursor-default"
        >
          <div
            class="Menu flex gap-1 md:hidden"
          >
            <svg
              class="lucide lucide-menu md:hidden"
              fill="none"
              height="28"
              stroke="currentColor"
              stroke-linecap="round"
              stroke-linejoin="round"
              stroke-width="1.5"
              viewBox="0 0 24 24"
              width="28"
              xmlns="http://www.w3.org/2000/svg"
            >
              <line
                x1="4"
                x2="20"
                y1="12"
                y2="12"
              />
              <line
                x1="4"
                x2="20"
                y1="6"
                y2="6"
              />
              <line
                x1="4"
                x2="20"
                y1="18"
                y2="18"
              />
            </svg>
          </div>
          <h1
            class="text-gray-500 font-medium text-2xl hidden md:block pb-1 dark:text-white"
          >
            SajuBazaar
          </h1>
          <div>
            <ul
              class="md:flex gap-x-10 items-center cursor-pointer hidden text-base"
            >
              <li
                class="text-black dark:text-gray-300"
              >
                <a
                  href="#Home"
                >
                  Home
                </a>
              </li>
              <li
                class="text-gray-500 hover:text-gray-400 dark:text-white"
              >
                <a
                  href="#About"
                >
                  About
                </a>
              </li>
              <li
                class="text-gray-500 hover:text-gray-400 dark:text-white"
              >
                <a
                  href="#Blog"
                >
                  Blog
                </a>
              </li>
              <li
                class="text-gray-500 hover:text-gray-400 dark:text-white"
              >
                <a
                  href="#Contact"
                >
                  Contact
                </a>
              </li>
            </ul>
          </div>
          <div
            class="flex items-center gap-6"
          >
            <svg
              class="lucide lucide-search"
              fill="none"
              height="20"
              stroke="currentColor"
              stroke-linecap="round"
              stroke-linejoin="round"
              stroke-width="1.5"
              viewBox="0 0 24 24"
              width="20"
              xmlns="http://www.w3.org/2000/svg"
            >
              <circle
                cx="11"
                cy="11"
                r="8"
              />
              <path
                d="m21 21-4.3-4.3"
              />
            </svg>
            <svg
              class="lucide lucide-user"
              fill="none"
              height="20"
              stroke="currentColor"
              stroke-linecap="round"
              stroke-linejoin="round"
              stroke-width="1.5"
              viewBox="0 0 24 24"
              width="20"
              xmlns="http://www.w3.org/2000/svg"
            >
              <path
                d="M19 21v-2a4 4 0 0 0-4-4H9a4 4 0 0 0-4 4v2"
              />
              <circle
                cx="12"
                cy="7"
                r="4"
              />
            </svg>
            <div
              class="flex items-center"
            >
              <button
                class="inline-flex items-center justify-center whitespace-nowrap rounded-md text-sm font-medium ring-offset-background transition-colors focus-visible:outline-none focus-visible:ring-2 focus-visible:ring-ring focus-visible:ring-offset-2 disabled:pointer-events-none disabled:opacity-50 border border-input bg-background hover:bg-accent hover:text-accent-foreground h-10 w-10 border-none"
              >
                <svg
                  class="lucide lucide-moon h-[1.2rem] w-[1.2rem]"
                  fill="none"
                  height="24"
                  stroke="currentColor"
                  stroke-linecap="round"
                  stroke-linejoin="round"
                  stroke-width="2"
                  viewBox="0 0 24 24"
                  width="24"
                  xmlns="http://www.w3.org/2000/svg"
                >
                  <path
                    d="M12 3a6 6 0 0 0 9 9 9 9 0 1 1-9-9Z"
                  />
                </svg>
                <span
                  class="sr-only"
                >
                  Switch to dark mode
                </span>
              </button>
            </div>
          </div>
        </div>
        <div
          class="min-h-screen flex items-center justify-center"
          style="opacity: 0; will-change: transform; transform: scale(0.9);"
        >
          <main
            class="px-4 md:px-12 flex flex-col-reverse md:grid md:grid-cols-2 h-full "
          >
            <section
              class="flex h-full items-start pt-16 md:pt-0 md:justify-center flex-col pr-4"
            >
              <h1
                class="text-xl md:text-3xl font-medium text-gray-700 dark:text-white"
              >
                Stylish and Durable Bag 
                <br />
                 for Everyday Use
              </h1>
              <p
                class="pt-2 md:pt-4 dark:text-gray-300 text-gray-500"
              >
                Explore our range of fashionable, durable, and spacious bags, perfect for your everyday adventures. Built with high-quality materials to ensure long-lasting use.
              </p>
              <button
                class="mt-4 md:mt-14 px-6 py-2 border border-gray-500 hover:bg-gray-800 hover:text-white"
              >
                Shop Now
              </button>
            </section>
            <div
              class="flex h-full items-center justify-center"
            >
              <img
                alt="Sofa"
                data-nimg="1"
                decoding="async"
                height="300"
                loading="lazy"
                src="/_next/image?url=https%3A%2F%2Fres.cloudinary.com%2Fdarzhuvon%2Fimage%2Fupload%2Fv1728560175%2F61iI1qEoiKL._AC_SL1500_-removebg-preview_nt9ghl.png&w=640&q=75"
                srcset="/_next/image?url=https%3A%2F%2Fres.cloudinary.com%2Fdarzhuvon%2Fimage%2Fupload%2Fv1728560175%2F61iI1qEoiKL._AC_SL1500_-removebg-preview_nt9ghl.png&w=384&q=75 1x, /_next/image?url=https%3A%2F%2Fres.cloudinary.com%2Fdarzhuvon%2Fimage%2Fupload%2Fv1728560175%2F61iI1qEoiKL._AC_SL1500_-removebg-preview_nt9ghl.png&w=640&q=75 2x"
                style="color: transparent; background-size: cover; background-position: 50% 50%; background-repeat: no-repeat;"
                width="300"
              />
            </div>
          </main>
        </div>
      </div>
      <div
        class="About h-screen bg-white dark:bg-gray-950"
        id="About"
      >
        <h1>
          About
        </h1>
      </div>
    </div>
  </div>
</div>
`;
